


ARM Macro Assembler    Page 1 


    1 00000000         
    2 00000000         
    3 00000000                 AREA             |.text|, CODE, READONLY, ALIGN=
2
    4 00000000                 THUMB
    5 00000000                 EXPORT           Start
    6 00000000         
    7 00000000         Start
    8 00000000 EEB1 0A0E       VLDR.F32         S0, =7.50   ;Tiempo de la llama
                                                            da
    9 00000004 EEF7 0A00       VLDR.F32         S1, =1
   10 00000008 EEB0 1A08       VLDR.F32         S2, =3
   11 0000000C         
   12 0000000C         
   13 0000000C         
   14 0000000C         Loop
   15 0000000C         
   16 0000000C                 ALIGN
   17 0000000C                 END
Command Line: --debug --xref --diag_suppress=9931 --cpu=Cortex-M4.fp.sp --apcs=
interwork --depend=.\objects\parcial2-7.d -o.\objects\parcial2-7.o -I.\RTE\_Tar
get_1 -I"C:\Users\Cristian Martínez\AppData\Local\Arm\Packs\Keil\TM4C_DFP\1.1.0
\Device\Include\TM4C123" -IC:\Keil_v5\ARM\CMSIS\Include --predefine="__EVAL SET
A 1" --predefine="__UVISION_VERSION SETA 529" --predefine="TM4C123GH6PM SETA 1"
 --list=.\listings\parcial2-7.lst Parcial2-7.s



ARM Macro Assembler    Page 1 Alphabetic symbol ordering
Relocatable symbols

.text 00000000

Symbol: .text
   Definitions
      At line 3 in file Parcial2-7.s
   Uses
      None
Comment: .text unused
Loop 0000000C

Symbol: Loop
   Definitions
      At line 14 in file Parcial2-7.s
   Uses
      None
Comment: Loop unused
Start 00000000

Symbol: Start
   Definitions
      At line 7 in file Parcial2-7.s
   Uses
      At line 5 in file Parcial2-7.s
Comment: Start used once
3 symbols
337 symbols in table
